// Jest Snapshot v1, https://goo.gl/fbAQLP

exports[`smoke tests the tab panel 1`] = `
"                                                                                
                                                                                
                                                                                
                                                                                
                                                                                
                                                                                
                                                                                
                                                                                
                                                                                
                                                                                
                           ┌────┨ Stronk test ┠─────┐                           
                           │Pshhhh                  │                           
                           └────────────────────────┘                           
                                                                                
                                                                                
                                                                                
                                                                                
                                                                                
                                                                                
                                                                                
                                                                                
                                                                                
                                                                                
                                                                                
"
`;

exports[`tests initialization and rendering of left placed bar 1`] = `
"                                                                                
                                                                                
                                                                                
                                                                                
                                                                                
                                                                                
                                                      ┌─────┐                   
                   ───────────────────────────────────┴Pshhh│                   
                    A very long and strong description h    │                   
                                   ────────────────────     │                   
                                    A much shorter one      │                   
                                          ─────────────     │                   
                                           Ridiculous!      │                   
                                                  ━━━━━     │                   
                                                   Si!      │                   
                                                  ━━━━━     │                   
                                                      └─────┘                   
                                                                                
                                                                                
                                                                                
                                                                                
                                                                                
                                                                                
                                                                                
"
`;

exports[`tests initialization and rendering of right placed bar 1`] = `
"                                                                                
                                                                                
                                                                                
                                                                                
                                                                                
                                                                                
                   ┌─────┐                                                      
                   │Pshhh┷━━━━                                                  
                   │h     Si!                                                   
                   │     ━━━━━━━━━━━━━                                          
                   │      Ridiculous!                                           
                   │     ────────────────────                                   
                   │      A much shorter one                                    
                   │     ────────────────────────────────────                   
                   │      A very long and strong description                    
                   │     ┬───────────────────────────────────                   
                   └─────┘                                                      
                                                                                
                                                                                
                                                                                
                                                                                
                                                                                
                                                                                
                                                                                
"
`;

exports[`tests initialization and rendering of right placed bar 2`] = `""`;

exports[`tests inserting tabs at defined position 1`] = `
"                                                                                
                                                                                
                                                                                
                                                                                
                                                                                
                                                                                
                                                                                
                                                                                
                                                                                
                                                                                
                                                                                
                                     Second                                     
                                                                                
                                                                                
                                                                                
                                                                                
                                                                                
                                                                                
                                                                                
                                                                                
                                                                                
                                                                                
                                                                                
                                                                                
"
`;

exports[`tests inserting tabs at defined position in panel 1`] = `
"                                                                                
                                                                                
                                                                                
                                                                                
                                                                                
                                                                                
                                                                                
                                                                                
                                                                                
                                                                                
                      ┌──────┤ So ┃ Much ┃ Stonks ├──────┐                      
                      │Ahhhhh                            │                      
                      └──────────────────────────────────┘                      
                                                                                
                                                                                
                                                                                
                                                                                
                                                                                
                                                                                
                                                                                
                                                                                
                                                                                
                                                                                
                                                                                
"
`;

exports[`tests removal of a currently active tab 1`] = `
"                                                                                
                                                                                
                                                                                
                                                                                
                                                                                
                                                                                
                                                                                
                                                                                
                                                                                
                                                                                
                                                                                
                                                                                
                                                                                
                                                                                
                                                                                
                                                                                
                                                                                
                                                                                
                                                                                
                                                                                
                                                                                
                                                                                
                                                                                
                                                                                
"
`;

exports[`tests removal of a currently inactive tab 1`] = `
"                                                                                
                                                                                
                                                                                
                                                                                
                                                                                
                                                                                
                                                                                
                                                                                
                                                                                
                                                                                
                                                                                
                                     Second                                     
                                                                                
                                                                                
                                                                                
                                                                                
                                                                                
                                                                                
                                                                                
                                                                                
                                                                                
                                                                                
                                                                                
                                                                                
"
`;

exports[`tests switching tabs 1`] = `
"                                                                                
                                                                                
                                                                                
                                                                                
                                                                                
                                                                                
                                                                                
                                                                                
                                                                                
                                                                                
                                                                                
                                     First                                      
                                                                                
                                                                                
                                                                                
                                                                                
                                                                                
                                                                                
                                                                                
                                                                                
                                                                                
                                                                                
                                                                                
                                                                                
"
`;

exports[`tests the sending of keys in vertical mode 1`] = `
"                                                                                
                                                                                
                                                                                
                                                                                
                                                                                
                                                                                
                                                      ┌─────┐                   
                   ───────────────────────────────────┴Pshhh│                   
                    A very long and strong description h    │                   
                                   ────────────────────     │                   
                                    A much shorter one      │                   
                                          ─────────────     │                   
                                           Ridiculous!      │                   
                                                  ━━━━━     │                   
                                                   Si!      │                   
                                                  ━━━━━     │                   
                                                      └─────┘                   
                                                                                
                                                                                
                                                                                
                                                                                
                                                                                
                                                                                
                                                                                
"
`;

exports[`tests the sending of keys in vertical mode 2`] = `
"                                                                                
                                                                                
                                                                                
                                                                                
                                                                                
                                                                                
                                                                                
                                                                                
                                                                                
                                                                                
                                                                                
                                     Second                                     
                                                                                
                                                                                
                                                                                
                                                                                
                                                                                
                                                                                
                                                                                
                                                                                
                                                                                
                                                                                
                                                                                
                                                                                
"
`;
